// Jest Snapshot v1, https://goo.gl/fbAQLP

exports[`Meal Component should render correctly 1`] = `
<Meal
  delete={[Function]}
  meal={
    Object {
      "description": "lorem",
      "id": 1,
      "price": 20000,
      "title": "test meal",
    }
  }
>
  <div
    className="col-md-3"
    key="1"
  >
    <div
      className="meal-o"
    >
      <div>
        <button
          className="btn btn-link btn-del"
          data-target="#confirmDel"
          data-toggle="modal"
          onClick={[Function]}
        >
          <i
            className="fa fa-close"
          />
        </button>
      </div>
      <div
        className="row meal-detail ml-2"
      >
        <h6>
          test meal
        </h6>
        <label
          htmlFor="price"
        >
          UGX 
          20000
        </label>
        <p>
          lorem
        </p>
      </div>
    </div>
  </div>
</Meal>
`;
