// Jest Snapshot v1, https://goo.gl/fbAQLP

exports[`EditMenu should render correctly 1`] = `
<div
  className="container"
>
  <Component
    component="div"
    loaded={false}
    loadedClassName="loadedContent"
    parentClassName="loader"
  >
    <AddMenuForm
      checked={[Function]}
      data={
        Object {
          "description": "",
          "title": "",
        }
      }
      errors={Object {}}
      handleDateChange={[Function]}
      handleFileUpload={[Function]}
      meals={Array []}
      menuDate=" "
      onChange={[Function]}
      onSubmit={[Function]}
      title="Edit menu"
    />
  </Component>
</div>
`;
