// Jest Snapshot v1, https://goo.gl/fbAQLP

exports[`HomePage should render correctly 1`] = `
<div>
  <div
    className="container"
  >
    <h4>
      Favorite Restaurants
    </h4>
    <hr />
    <Component
      component="div"
      loaded={false}
      loadedClassName="loadedContent"
      parentClassName="loader"
    >
      <div>
        <div
          className="row mt-2"
        >
          <div
            className="col-md-3"
            key="1"
            style={
              Object {
                "cursor": "pointer",
              }
            }
          >
            <div
              aria-hidden={true}
              className="card"
              onClick={[Function]}
              style={
                Object {
                  "width": "16rem",
                }
              }
            >
              <img
                alt="menu-img"
                className="card-img-top"
              />
              <div
                className="card-body"
              >
                <h6
                  className="card-title"
                >
                  menu title
                </h6>
                <p
                  className="card-text"
                  style={
                    Object {
                      "color": "gray",
                    }
                  }
                >
                  meal desc
                </p>
              </div>
            </div>
          </div>
        </div>
      </div>
    </Component>
  </div>
</div>
`;
