// Jest Snapshot v1, https://goo.gl/fbAQLP

exports[`HomePage should render correctly 1`] = `
<div>
  <div
    className="container"
  >
    <h4>
      Favorite Restaurants
    </h4>
    <hr />
    <Component
      component="div"
      loaded={false}
      loadedClassName="loadedContent"
      parentClassName="loader"
    >
      <div
        style={
          Object {
            "textAlign": "center",
          }
        }
      >
        <h4>
          Ooops. There are no menus from caterers today
        </h4>
      </div>
    </Component>
  </div>
</div>
`;
