// Jest Snapshot v1, https://goo.gl/fbAQLP

exports[`OrderPage should render correctly 1`] = `
<div
  className="container"
>
  <div>
    <h4>
      Confirm Meals Order:
    </h4>
  </div>
  <hr />
  <Component
    component="div"
    loaded={true}
    loadedClassName="loadedContent"
    parentClassName="loader"
  >
    <table
      className="table table-striped"
    >
      <thead>
        <tr>
          <th>
            Meal Title
          </th>
          <th>
            Meal Description
          </th>
          <th>
            Meal Price
          </th>
        </tr>
      </thead>
      <tbody>
        <tr
          key="1"
        >
          <td>
            meal lorem
          </td>
          <td>
            <p>
              desc
            </p>
          </td>
          <td>
            <label
              htmlFor="price"
            >
              UGX 
              1000
            </label>
          </td>
        </tr>
        <tr>
          <td />
          <td>
            <label
              htmlFor="total"
              style={
                Object {
                  "fontWeight": "bold",
                }
              }
            >
              1
               Orders X 
              1000
              /= :
            </label>
            <br />
            <label
              htmlFor="cost"
              style={
                Object {
                  "color": " #00a1e0",
                }
              }
            >
               
              Total: UGX 
              1000
            </label>
          </td>
          <td>
            <button
              className="btn btn-danger mr-4"
              onClick={[Function]}
            >
              Cancel
            </button>
            <button
              className="btn btn-success"
              onClick={[Function]}
            >
              Confirm
            </button>
          </td>
        </tr>
      </tbody>
    </table>
  </Component>
</div>
`;
