// Jest Snapshot v1, https://goo.gl/fbAQLP

exports[`EditMeal should render correctly 1`] = `
<EditMeal
  editMeal={[Function]}
  getMeal={[Function]}
  history={
    Object {
      "push": [Function],
    }
  }
  match={
    Object {
      "params": Object {
        "id": "1",
      },
    }
  }
  meal={
    Object {
      "description": "",
      "id": 1,
      "price": 0,
      "title": "",
    }
  }
>
  <div
    className="container"
  >
    <h5>
      Edit Meal: 
    </h5>
    <Component
      component="div"
      loaded={true}
      loadedClassName="loadedContent"
      parentClassName="loader"
    >
      <div
        className="loadedContent"
        key="content"
      >
        <div
          className="modal-dialog"
          role="document"
        >
          <div
            className="modal-content"
          >
            <div
              className="modal-header"
            />
            <div
              className="modal-body"
            >
              <form>
                <FormInput
                  label="Title"
                  name="title"
                  onChange={[Function]}
                  type="text"
                  value=""
                >
                  <div
                    className="form-group"
                  >
                    <label
                      htmlFor="title"
                    >
                      Title
                    </label>
                    <input
                      autoComplete="off"
                      className="form-control"
                      id="title"
                      name="title"
                      onChange={[Function]}
                      type="text"
                      value=""
                    />
                  </div>
                </FormInput>
                <FormInput
                  label="Price"
                  name="price"
                  onChange={[Function]}
                  type="text"
                  value=""
                >
                  <div
                    className="form-group"
                  >
                    <label
                      htmlFor="price"
                    >
                      Price
                    </label>
                    <input
                      autoComplete="off"
                      className="form-control"
                      id="price"
                      name="price"
                      onChange={[Function]}
                      type="text"
                      value=""
                    />
                  </div>
                </FormInput>
                <div
                  className="form-group"
                >
                  <label
                    htmlFor="desc"
                  >
                    Description
                  </label>
                  <textarea
                    className="form-control"
                    cols="20"
                    id="desc"
                    name="description"
                    onChange={[Function]}
                    rows="5"
                    value=""
                  />
                </div>
                <input
                  className="form-control"
                  name="image"
                  type="file"
                />
              </form>
            </div>
            <div
              className="modal-footer"
            >
              <button
                className="btn btn-secondary"
                data-dismiss="modal"
                type="button"
              >
                Close
              </button>
              <button
                className="btn-save btn btn-primary"
                onClick={[Function]}
                type="button"
              >
                Save
              </button>
            </div>
          </div>
        </div>
      </div>
    </Component>
  </div>
</EditMeal>
`;
