// Jest Snapshot v1, https://goo.gl/fbAQLP

exports[`Dashboard should render correctly 1`] = `
<div>
  <div
    className="container"
  >
    <div
      className="row"
    >
      <div
        className="col-md-3"
      >
        <div
          className="stat"
        >
          <h2>
            0
            <i>
               /=
            </i>
          </h2>
          <label
            htmlFor="today_cash"
          >
            Todays Cash
          </label>
        </div>
      </div>
      <div
        className="col-md-3"
      >
        <div
          className="stat"
        >
          <h2>
            1
             
            <i
              className="fa fa-sort"
            />
          </h2>
          <label
            htmlFor="orders"
          >
            Orders
          </label>
        </div>
      </div>
    </div>
    <div>
      <hr />
      <h4>
        Today Orders
      </h4>
      <hr />
      <Component
        component="div"
        loaded={false}
        loadedClassName="loadedContent"
        parentClassName="loader"
      >
        <table
          className="table table-striped"
          id="dtable"
        >
          <thead>
            <tr
              role="row"
            >
              <th>
                Customer Name
              </th>
              <th>
                Customer Contact
              </th>
              <th>
                Meals Ordered
              </th>
              <th>
                Total Cost
              </th>
              <th>
                Date Ordered
              </th>
            </tr>
          </thead>
          <tbody>
            <tr
              className="even"
              key="1"
            >
              <td />
              <td />
              <td>
                <li
                  key="1"
                >
                  : UGX 
                </li>
              </td>
              <td>
                UGX 
                400
              </td>
              <td>
                a few seconds ago
              </td>
            </tr>
          </tbody>
        </table>
      </Component>
    </div>
  </div>
</div>
`;
