// Jest Snapshot v1, https://goo.gl/fbAQLP

exports[`AddMenu should render correctly 1`] = `
<div>
  <button
    className="btn-save btn btn-primary float-right"
    onClick={[Function]}
  >
    Save
  </button>
  <h4>
    title
  </h4>
  <hr />
  <div
    className="row"
  >
    <div
      className="col-md-3"
    >
      <FormInput
        label="Title"
        name="title"
        onChange={[Function]}
        type="text"
        value=""
      />
    </div>
    <div
      className="col-md-3"
    >
      <div
        className="form-group"
      >
        <label
          htmlFor="date"
        >
          Menu Date
        </label>
        <DatePicker
          allowSameDay={false}
          className="form-control is-invalid"
          dateFormat="L"
          dateFormatCalendar="MMMM YYYY"
          disabled={false}
          disabledKeyboardNavigation={false}
          dropdownMode="scroll"
          monthsShown={1}
          onBlur={[Function]}
          onChange={[Function]}
          onClickOutside={[Function]}
          onFocus={[Function]}
          onKeyDown={[Function]}
          onMonthChange={[Function]}
          onSelect={[Function]}
          onYearChange={[Function]}
          preventOpenOnFocus={false}
          selected={Object {}}
          shouldCloseOnSelect={true}
          showTimeSelect={false}
          timeCaption="Time"
          timeIntervals={30}
          withPortal={false}
        />
        <p
          style={
            Object {
              "color": "#dc3545",
              "fontSize": "80%",
            }
          }
        >
          error
        </p>
      </div>
    </div>
    <div
      className="col-md-3"
    >
      <div
        className="form-group"
      >
        <label
          htmlFor="desc"
        >
          Description
        </label>
        <textarea
          className="form-control is-invalid"
          cols="20"
          id="desc"
          name="description"
          onChange={[Function]}
          rows="2"
          value=""
        />
        <InlineError
          text="error"
        />
      </div>
    </div>
    <div
      className="col-md-3"
    >
      <div
        className="form-group"
      >
        <label
          htmlFor="menu-image"
        >
          Attach Image
        </label>
        <input
          accept="image/x-png,image/jpeg,image/png"
          className="form-control is-invalid"
          name="users-file"
          onChange={[Function]}
          type="file"
        />
        <InlineError
          text="error"
        />
      </div>
    </div>
  </div>
  <div
    className="row"
  >
    <div
      className="col-md-3"
      key="1"
    >
      <div
        className="meal-o"
      >
        <div
          className="meal-actions"
        >
          <input
            checked={true}
            className="form-check-input"
            onChange={[Function]}
            type="checkbox"
          />
        </div>
        <div
          className="row meal-detail ml-2"
        >
          <h6 />
          <label
            htmlFor="price"
          >
            UGX 
          </label>
          <p />
        </div>
      </div>
    </div>
  </div>
</div>
`;
