// Jest Snapshot v1, https://goo.gl/fbAQLP

exports[`Order should render correctly 1`] = `
<Order
  getMenu={[Function]}
  history={
    Object {
      "push": [Function],
    }
  }
  match={
    Object {
      "params": Object {
        "id": "1",
      },
    }
  }
  menu={
    Object {
      "description": "",
      "id": 1,
      "meals": Array [
        Object {
          "description": "",
          "id": 1,
          "price": 1000,
          "title": "",
        },
      ],
      "menuDate": "",
      "title": "",
    }
  }
  postOrder={[Function]}
  setMessage={[Function]}
>
  <div
    className="container"
  >
    <h5>
      Loading
    </h5>
    <hr />
    <Component
      component="div"
      loaded={false}
      loadedClassName="loadedContent"
      parentClassName="loader"
    >
      <div
        className="loader"
        key="loader"
      />
    </Component>
  </div>
</Order>
`;
