// Jest Snapshot v1, https://goo.gl/fbAQLP

exports[`OrdersHistory should render correctly 1`] = `
<div
  className="container"
>
  <div>
    <h4>
      Order History
    </h4>
    <hr />
  </div>
  <Component
    component="div"
    loaded={false}
    loadedClassName="loadedContent"
    parentClassName="loader"
  >
    <table
      className="table table-striped"
      id="dtable"
    >
      <thead>
        <tr
          role="row"
        >
          <th>
            Customer Name
          </th>
          <th>
            Customer Contact
          </th>
          <th>
            Order Count
          </th>
          <th>
            Meals Ordered
          </th>
          <th>
            Total Cost
          </th>
          <th>
            Date Ordered
          </th>
        </tr>
      </thead>
      <tbody>
        <tr
          className="even"
          key="1"
        >
          <td>
            test
          </td>
          <td />
          <td>
            1
          </td>
          <td>
            <li
              key="1"
            >
              title
              : UGX 
            </li>
          </td>
          <td>
            2000
          </td>
          <td>
            Invalid date
          </td>
        </tr>
      </tbody>
    </table>
  </Component>
</div>
`;
