// Jest Snapshot v1, https://goo.gl/fbAQLP

exports[`App Component should render correctly 1`] = `
<div>
  <Connect(NavBar) />
  <Switch>
    <Route
      component={[Function]}
      exact={true}
      path="/"
    />
    <Connect(GuestRoute)
      component={[Function]}
      exact={true}
      path="/signup"
    />
    <Connect(GuestRoute)
      component={[Function]}
      exact={true}
      location={
        Object {
          "pathname": "",
        }
      }
      path="/business/signup"
    />
    <Connect(GuestRoute)
      component={[Function]}
      exact={true}
      location={
        Object {
          "pathname": "",
        }
      }
      path="/login"
    />
    <Connect(AdminRoute)
      component={[Function]}
      exact={true}
      location={
        Object {
          "pathname": "",
        }
      }
      path="/admin/meals"
    />
    <Connect(AdminRoute)
      component={[Function]}
      exact={true}
      location={
        Object {
          "pathname": "",
        }
      }
      path="/admin/meal/:id/edit"
    />
    <Connect(AdminRoute)
      component={[Function]}
      exact={true}
      location={
        Object {
          "pathname": "",
        }
      }
      path="/admin/menus"
    />
    <Connect(AdminRoute)
      component={[Function]}
      exact={true}
      location={
        Object {
          "pathname": "",
        }
      }
      path="/admin/menus/new"
    />
    <Connect(AdminRoute)
      component={[Function]}
      exact={true}
      location={
        Object {
          "pathname": "",
        }
      }
      path="/admin/menus/:id/edit"
    />
    <Connect(AdminRoute)
      component={[Function]}
      exact={true}
      location={
        Object {
          "pathname": "",
        }
      }
      path="/admin/orders"
    />
    <Connect(AdminRoute)
      component={[Function]}
      exact={true}
      location={
        Object {
          "pathname": "",
        }
      }
      path="/admin"
    />
    <Connect(AuthenticatedRoute)
      component={[Function]}
      exact={true}
      location={
        Object {
          "pathname": "",
        }
      }
      path="/menu/:id/order"
    />
    <Connect(AuthenticatedRoute)
      component={[Function]}
      exact={true}
      location={
        Object {
          "pathname": "",
        }
      }
      path="/orders"
    />
    <Route
      component={[Function]}
    />
  </Switch>
</div>
`;
